Chat API error: TypeError: fetch failed
    at node:internal/deps/undici/undici:14900:13
    at async E:\医生端的UI\CAT304W_PROJECT_NONAME\server.js:41:21 {
  [cause]: Error: read ECONNRESET
      at TLSWrap.onStreamRead (node:internal/stream_base_commons:218:20) {
    errno: -4077,
    code: 'ECONNRESET',
    syscall: 'read'
  }
}
Chat API error: TypeError: fetch failed
    at node:internal/deps/undici/undici:14900:13
    at process.processTicksAndRejections (node:internal/process/task_queues:95:5)
    at async E:\医生端的UI\CAT304W_PROJECT_NONAME\server.js:41:21 {
  [cause]: ConnectTimeoutError: Connect Timeout Error (attempted addresses: 2408:4000:200::31c:443, timeout: 10000ms)
      at onConnectTimeout (node:internal/deps/undici/undici:2718:28)
      at Immediate._onImmediate (node:internal/deps/undici/undici:2684:35)
      at process.processImmediate (node:internal/timers:483:21) {
    code: 'UND_ERR_CONNECT_TIMEOUT',
    [Symbol(undici.error.UND_ERR)]: true,
    [Symbol(undici.error.UND_ERR_CONNECT_TIMEOUT)]: true
  }
}
